// Jest Snapshot v1, https://goo.gl/fbAQLP

exports[`TopCategories components  should render TopCategories correctly 1`] = `ShallowWrapper {}`;
