// Jest Snapshot v1, https://goo.gl/fbAQLP

exports[`AccountBalances components  should render AccountBalances correctly 1`] = `ReactWrapper {}`;
