// Jest Snapshot v1, https://goo.gl/fbAQLP

exports[`MonthlyBills components  should render MonthlyBills correctly 1`] = `ReactWrapper {}`;
