// Jest Snapshot v1, https://goo.gl/fbAQLP

exports[`BillDueDate components  should render BillDueDate correctly 1`] = `ReactWrapper {}`;
