// Jest Snapshot v1, https://goo.gl/fbAQLP

exports[`PageTitle components  should render PageTitle correctly 1`] = `ReactWrapper {}`;
