// Jest Snapshot v1, https://goo.gl/fbAQLP

exports[`test should render correctly 1`] = `ReactWrapper {}`;
