// Jest Snapshot v1, https://goo.gl/fbAQLP

exports[`login page / component should render correctly 1`] = `ReactWrapper {}`;
