// Jest Snapshot v1, https://goo.gl/fbAQLP

exports[`bill overview page when component is mounted should render correctly 1`] = `ShallowWrapper {}`;
