// Jest Snapshot v1, https://goo.gl/fbAQLP

exports[`plaid login page / components should render correctly 1`] = `ReactWrapper {}`;
