// Jest Snapshot v1, https://goo.gl/fbAQLP

exports[`register page / component should render correctly 1`] = `ReactWrapper {}`;
